
./rnfail037.hs:8: Data constructor not in scope: `Rn037Help.C'
