
arrowfail001.hs:15:35:
    Ambiguous type variable `a' in the constraint:
      `Foo a' arising from use of `foo' at arrowfail001.hs:15:35-37
    Probable fix: add a type signature that fixes these type variable(s)
