this line doesn't end with a newline
end of file
Action: hGetLine
Handle: {loc=<stdin>,type=readable,binary=False,buffering=line}
File: <stdin>
