
tcfail063.hs:6:8:
    Kind error: `Num' is not applied to enough type arguments
    In the type signature: moby :: (Num) => Int -> a -> Int
