
SimpleFail4.hs:8:11:
    Unexpected type `Int' where type variable expected
    In the declaration of `S2 Int'
