Warning: can't use * imports with Safe Haskell; ignoring *
