Ok, modules loaded: A, B.
Failed, modules loaded: B.
Ok, modules loaded: A, B.
