data Maybe a = Nothing | Just a
maybe :: b -> (a -> b) -> Maybe a -> b
isJust :: Maybe a -> Bool
isNothing :: Maybe a -> Bool
fromJust :: Maybe a -> a
fromMaybe :: a -> Maybe a -> a
maybeToList :: Maybe a -> [a]
listToMaybe :: [a] -> Maybe a
catMaybes :: [Maybe a] -> [a]
mapMaybe :: (a -> Maybe b) -> [a] -> [b]
data T = A Int | B Float
f :: Double -> Double
f :: Double -> Double
g :: Double -> Double
h :: (Integral a) => a -> a
