
Simple11c.hs:7:14:
    Conflicting family instance declarations:
      data instance C9 [a] Int -- Defined at Simple11c.hs:7:14
      data instance C9 [Int] Int -- Defined at Simple11c.hs:9:14
