
./B.hs:7:0:
    Warning: No explicit method nor default method for `row'
	     In the instance declaration for `Matrix Bool Val'
