rnfail021.hs:5: Qualified variable in pattern: Baz.f
