rnfail034.hs:4: Qualified name in function definition: M.y
