
rnfail041.hs:4:0: Variable not in scope: `h'

rnfail041.hs:5:0: Variable not in scope: `j'
