
rn046.hs:
    Warning: Module `List' is imported, but nothing from it is used
	     (except perhaps instances visible in `List')

rn046.hs:3:13: Warning: Imported from `Char' but not used: ord
