
rn040.hs:6: Warning: Defined but not used: y

rn040.hs:8: Warning: Defined but not used: w
