
tests/ghc-regress/deSugar/should_compile/ds020.hs:5: Warning: Pattern match(es) are overlapped
    In the definition of `a': a ~(~[], ~[], ~[]) = ...

tests/ghc-regress/deSugar/should_compile/ds020.hs:8: Warning: Pattern match(es) are overlapped
    In the definition of `b': b ~(~x : (~xs : ~ys)) = ...

tests/ghc-regress/deSugar/should_compile/ds020.hs:13: Warning: Pattern match(es) are overlapped
    In the definition of `d':
	d ~(n+43) = ...
	d ~(n+999) = ...

tests/ghc-regress/deSugar/should_compile/ds020.hs:19: Warning: Pattern match(es) are overlapped
    In the definition of `f': f (x@~[]) = ...
