
T2597b.hs:8:8:
    Empty stmt list in do-block
    When splicing a TH expression: do
    In the expression: $mkBug2
    In the definition of `bug2': bug2 = $mkBug2
