()
Stopped at a breakpoint in A.hs:3. Local bindings in scope:
  i :: a
A.hs:3:6-19> i = 4
A.hs:3:6-19> Returning to normal execution...
()
