
mod151.hs:2:19:
    Ambiguous occurrence `id'
    It could refer to either `id', defined at mod151.hs:2:29
		          or `id', imported from Prelude
