
mod160.hs:12:4: Not in scope: `m3'
make[1]: *** [mod160] Error 1
