
Mod128_A.hs:2: Warning: `T' is exported by `T' and `T(Con)'
