
mod1.hs:3:
    failed to load interface for `N':
	Could not find interface file for `N'
