
mod59.hs:3:2: Data constructor not in scope: `K'
