
mod50.hs:3: Type constructor or class not in scope: `Foo'
